// Jest Snapshot v1, https://goo.gl/fbAQLP

exports[`renders correctly 1`] = `
<div
  className="ion-page"
>
  <ion-content>
    <div
      className="recoverPageContent"
    >
      <div
        className="recoverTitleContainer"
      >
        <img
          alt="icon"
          src="icono.png"
        />
        <span
          className="recoverTitle"
        >
          Recover Password
        </span>
      </div>
      <span
        className="recoverText"
      >
        Enter your email address to receive instructions to reset your password.
      </span>
      <form
        action=""
        className="recoverOptionsContainer_form"
        method="post"
        name="recover_form"
        onSubmit={[Function]}
      >
        <div
          className="recoverInputsContainer"
          id="localOps"
        >
          <div
            className="recoverOption recoverOption--input"
          >
            <ion-input
              onInput={[Function]}
              placeholder="Email"
              type="email"
              value=""
            />
          </div>
          <button
            className="recoverOption recoverOption--submit"
            id="btnrecover"
            type="submit"
          >
            Recover
          </button>
          <div
            className="recoverOption recoverOption--local recoverOption--create"
            onClick={[Function]}
          >
            Back
          </div>
        </div>
      </form>
    </div>
  </ion-content>
</div>
`;
